
Memory Configuration

Name             Origin             Length             Attributes
FLASH            0x0000000000000000 0x0000000000100000 xr
RAM              0x0000000020000000 0x000000000001c000 xrw
*default*        0x0000000000000000 0xffffffffffffffff

Linker script and memory map

LOAD C:\Users\atori\AppData\Local\Temp\ccU6mjo7.o
LOAD C:\Users\atori\AppData\Local\Temp\ccjRopMa.o

.text           0x0000000000000000       0xa4
 *(.isr_vector)
 .isr_vector    0x0000000000000000       0x44 C:\Users\atori\AppData\Local\Temp\ccjRopMa.o
                0x0000000000000000                __isr_vector
 *(.text*)
 .text          0x0000000000000044       0x34 C:\Users\atori\AppData\Local\Temp\ccU6mjo7.o
                0x0000000000000044                _start
                0x0000000000000048                main
                0x000000000000005c                strcat
 .text          0x0000000000000078       0x28 C:\Users\atori\AppData\Local\Temp\ccjRopMa.o
                0x0000000000000078                Reset_Handler
                0x000000000000009c                HardFault_Handler
                0x000000000000009c                SysTick_Handler
                0x000000000000009c                PendSV_Handler
                0x000000000000009c                NMI_Handler
                0x000000000000009c                UsageFault_Handler
                0x000000000000009c                DebugMon_Handler
                0x000000000000009c                Default_Handler
                0x000000000000009c                MemManage_Handler
                0x000000000000009c                SVC_Handler
                0x000000000000009c                DEF_IRQHandler
                0x000000000000009c                BusFault_Handler
 *(.init)
 *(.fini)
 *crtbegin.o(.ctors)
 *crtbegin?.o(.ctors)
 *(EXCLUDE_FILE(*crtend.o *crtend?.o) .ctors)
 *(SORT_BY_NAME(.ctors.*))
 *(.ctors)
 *crtbegin.o(.dtors)
 *crtbegin?.o(.dtors)
 *(EXCLUDE_FILE(*crtend.o *crtend?.o) .dtors)
 *(SORT_BY_NAME(.dtors.*))
 *(.dtors)
 *(.rodata*)
 .rodata        0x00000000000000a0        0x4 C:\Users\atori\AppData\Local\Temp\ccU6mjo7.o
 *(.eh_frame*)

.glue_7         0x00000000000000a4        0x0
 .glue_7        0x00000000000000a4        0x0 linker stubs

.glue_7t        0x00000000000000a4        0x0
 .glue_7t       0x00000000000000a4        0x0 linker stubs

.vfp11_veneer   0x00000000000000a4        0x0
 .vfp11_veneer  0x00000000000000a4        0x0 linker stubs

.v4_bx          0x00000000000000a4        0x0
 .v4_bx         0x00000000000000a4        0x0 linker stubs

.iplt           0x00000000000000a4        0x0
 .iplt          0x00000000000000a4        0x0 C:\Users\atori\AppData\Local\Temp\ccU6mjo7.o

.rel.dyn        0x00000000000000a4        0x0
 .rel.iplt      0x00000000000000a4        0x0 C:\Users\atori\AppData\Local\Temp\ccU6mjo7.o

.ARM.extab
 *(.ARM.extab* .gnu.linkonce.armextab.*)
                0x00000000000000a4                __exidx_start = .

.ARM.exidx
 *(.ARM.exidx* .gnu.linkonce.armexidx.*)
                0x00000000000000a4                __exidx_end = .
                0x00000000000000a4                __etext = ALIGN (0x4)

.data           0x0000000020000000       0x18 load address 0x00000000000000a4
                0x0000000020000000                __data_start__ = .
 *(vtable)
 *(.data*)
 .data          0x0000000020000000       0x18 C:\Users\atori\AppData\Local\Temp\ccU6mjo7.o
 .data          0x0000000020000018        0x0 C:\Users\atori\AppData\Local\Temp\ccjRopMa.o
                0x0000000020000018                . = ALIGN (0x4)
                [!provide]                        PROVIDE (__preinit_array_start = .)
 *(.preinit_array)
                [!provide]                        PROVIDE (__preinit_array_end = .)
                0x0000000020000018                . = ALIGN (0x4)
                [!provide]                        PROVIDE (__init_array_start = .)
 *(SORT_BY_NAME(.init_array.*))
 *(.init_array)
                [!provide]                        PROVIDE (__init_array_end = .)
                0x0000000020000018                . = ALIGN (0x4)
                [!provide]                        PROVIDE (__fini_array_start = .)
 *(SORT_BY_NAME(.fini_array.*))
 *(.fini_array)
                [!provide]                        PROVIDE (__fini_array_end = .)
 *(.jcr*)
                0x0000000020000018                . = ALIGN (0x4)
                0x0000000020000018                __data_end__ = .

.igot.plt       0x0000000020000018        0x0 load address 0x00000000000000bc
 .igot.plt      0x0000000020000018        0x0 C:\Users\atori\AppData\Local\Temp\ccU6mjo7.o

.bss            0x0000000020000018        0x0 load address 0x00000000000000bc
                0x0000000020000018                . = ALIGN (0x4)
                0x0000000020000018                __bss_start__ = .
 *(.bss*)
 .bss           0x0000000020000018        0x0 C:\Users\atori\AppData\Local\Temp\ccU6mjo7.o
 .bss           0x0000000020000018        0x0 C:\Users\atori\AppData\Local\Temp\ccjRopMa.o
 *(COMMON)
                0x0000000020000018                . = ALIGN (0x4)
                0x0000000020000018                __bss_end__ = .

.heap           0x0000000020000018        0x0
                0x0000000020000018                __end__ = .
                [!provide]                        PROVIDE (end = .)
 *(.heap*)
 .heap          0x0000000020000018        0x0 C:\Users\atori\AppData\Local\Temp\ccjRopMa.o
                0x0000000020000018                __HeapLimit = .

.stack_dummy    0x0000000020000018      0xc00
 *(.stack*)
 .stack         0x0000000020000018      0xc00 C:\Users\atori\AppData\Local\Temp\ccjRopMa.o
                0x000000002001c000                __StackTop = (ORIGIN (RAM) + LENGTH (RAM))
                0x000000002001b400                __StackLimit = (__StackTop - SIZEOF (.stack_dummy))
                [!provide]                        PROVIDE (__stack = __StackTop)
                0x0000000000000001                ASSERT ((__StackLimit >= __HeapLimit), region RAM overflowed with stack)
OUTPUT(main.elf elf32-littlearm)
LOAD linker stubs

.ARM.attributes
                0x0000000000000000       0x1c
 .ARM.attributes
                0x0000000000000000       0x1c C:\Users\atori\AppData\Local\Temp\ccU6mjo7.o
 .ARM.attributes
                0x000000000000001c       0x1c C:\Users\atori\AppData\Local\Temp\ccjRopMa.o

.debug_line     0x0000000000000000       0xaa
 .debug_line    0x0000000000000000       0x4c C:\Users\atori\AppData\Local\Temp\ccU6mjo7.o
 .debug_line    0x000000000000004c       0x5e C:\Users\atori\AppData\Local\Temp\ccjRopMa.o

.debug_info     0x0000000000000000       0x4c
 .debug_info    0x0000000000000000       0x26 C:\Users\atori\AppData\Local\Temp\ccU6mjo7.o
 .debug_info    0x0000000000000026       0x26 C:\Users\atori\AppData\Local\Temp\ccjRopMa.o

.debug_abbrev   0x0000000000000000       0x28
 .debug_abbrev  0x0000000000000000       0x14 C:\Users\atori\AppData\Local\Temp\ccU6mjo7.o
 .debug_abbrev  0x0000000000000014       0x14 C:\Users\atori\AppData\Local\Temp\ccjRopMa.o

.debug_aranges  0x0000000000000000       0x40
 .debug_aranges
                0x0000000000000000       0x20 C:\Users\atori\AppData\Local\Temp\ccU6mjo7.o
 .debug_aranges
                0x0000000000000020       0x20 C:\Users\atori\AppData\Local\Temp\ccjRopMa.o

.debug_str      0x0000000000000000       0x3b
 .debug_str     0x0000000000000000       0x22 C:\Users\atori\AppData\Local\Temp\ccU6mjo7.o
 .debug_str     0x0000000000000022       0x19 C:\Users\atori\AppData\Local\Temp\ccjRopMa.o
                                         0x34 (size before relaxing)
